  Determining projects to restore...
  Restored c:\Users\tsent\source\repos\S2Sys\SmartWorkz.StarterKitMVC\src\SmartWorkz.Core\SmartWorkz.Core.csproj (in 275 ms).
  Restored c:\Users\tsent\source\repos\S2Sys\SmartWorkz.StarterKitMVC\src\SmartWorkz.Core.Web\SmartWorkz.Core.Web.csproj (in 278 ms).
  1 of 3 projects are up-to-date for restore.
C:\Program Files\dotnet\sdk\10.0.300-preview.0.26177.108\Sdks\Microsoft.NET.Sdk\targets\Microsoft.NET.RuntimeIdentifierInference.targets(383,5): message NETSDK1057: You are using a preview version of .NET. See: https://aka.ms/dotnet-support-policy [c:\Users\tsent\source\repos\S2Sys\SmartWorkz.StarterKitMVC\src\SmartWorkz.Core.Web\SmartWorkz.Core.Web.csproj]
C:\Program Files\dotnet\sdk\10.0.300-preview.0.26177.108\Sdks\Microsoft.NET.Sdk\targets\Microsoft.NET.RuntimeIdentifierInference.targets(383,5): message NETSDK1057: You are using a preview version of .NET. See: https://aka.ms/dotnet-support-policy [c:\Users\tsent\source\repos\S2Sys\SmartWorkz.StarterKitMVC\src\SmartWorkz.Core\SmartWorkz.Core.csproj]
c:\Users\tsent\source\repos\S2Sys\SmartWorkz.StarterKitMVC\src\SmartWorkz.Core.Shared\BackgroundJobs\IBackgroundJobService.cs(39,19): warning CS8618: Non-nullable property 'JobId' must contain a non-null value when exiting constructor. Consider adding the 'required' modifier or declaring the property as nullable. [c:\Users\tsent\source\repos\S2Sys\SmartWorkz.StarterKitMVC\src\SmartWorkz.Core.Shared\SmartWorkz.Core.Shared.csproj]
c:\Users\tsent\source\repos\S2Sys\SmartWorkz.StarterKitMVC\src\SmartWorkz.Core.Shared\Data\XmlHelper.cs(295,64): warning CS8604: Possible null reference argument for parameter 'target' in 'void XmlHelper.DeserializeObject(XElement element, object target)'. [c:\Users\tsent\source\repos\S2Sys\SmartWorkz.StarterKitMVC\src\SmartWorkz.Core.Shared\SmartWorkz.Core.Shared.csproj]
c:\Users\tsent\source\repos\S2Sys\SmartWorkz.StarterKitMVC\src\SmartWorkz.Core.Shared\Templates\TemplateEngine.cs(67,44): warning CS8602: Dereference of a possibly null reference. [c:\Users\tsent\source\repos\S2Sys\SmartWorkz.StarterKitMVC\src\SmartWorkz.Core.Shared\SmartWorkz.Core.Shared.csproj]
c:\Users\tsent\source\repos\S2Sys\SmartWorkz.StarterKitMVC\src\SmartWorkz.Core.Shared\Diagnostics\DiagnosticsHelper.cs(284,25): warning CA1416: This call site is reachable on all platforms. 'PerformanceCounter.NextValue()' is only supported on: 'windows'. (https://learn.microsoft.com/dotnet/fundamentals/code-analysis/quality-rules/ca1416) [c:\Users\tsent\source\repos\S2Sys\SmartWorkz.StarterKitMVC\src\SmartWorkz.Core.Shared\SmartWorkz.Core.Shared.csproj]
c:\Users\tsent\source\repos\S2Sys\SmartWorkz.StarterKitMVC\src\SmartWorkz.Core.Shared\Diagnostics\DiagnosticsHelper.cs(278,35): warning CA1416: This call site is reachable on all platforms. 'PerformanceCounter' is only supported on: 'windows'. (https://learn.microsoft.com/dotnet/fundamentals/code-analysis/quality-rules/ca1416) [c:\Users\tsent\source\repos\S2Sys\SmartWorkz.StarterKitMVC\src\SmartWorkz.Core.Shared\SmartWorkz.Core.Shared.csproj]
c:\Users\tsent\source\repos\S2Sys\SmartWorkz.StarterKitMVC\src\SmartWorkz.Core.Shared\Diagnostics\DiagnosticsHelper.cs(331,34): warning CA1416: This call site is reachable on all platforms. 'PerformanceCounter.NextValue()' is only supported on: 'windows'. (https://learn.microsoft.com/dotnet/fundamentals/code-analysis/quality-rules/ca1416) [c:\Users\tsent\source\repos\S2Sys\SmartWorkz.StarterKitMVC\src\SmartWorkz.Core.Shared\SmartWorkz.Core.Shared.csproj]
c:\Users\tsent\source\repos\S2Sys\SmartWorkz.StarterKitMVC\src\SmartWorkz.Core.Shared\File\ImageResizer.cs(35,26): warning CA1416: This call site is reachable on all platforms. 'Bitmap' is only supported on: 'windows' 6.1 and later. (https://learn.microsoft.com/dotnet/fundamentals/code-analysis/quality-rules/ca1416) [c:\Users\tsent\source\repos\S2Sys\SmartWorkz.StarterKitMVC\src\SmartWorkz.Core.Shared\SmartWorkz.Core.Shared.csproj]
c:\Users\tsent\source\repos\S2Sys\SmartWorkz.StarterKitMVC\src\SmartWorkz.Core.Shared\File\ImageResizer.cs(38,13): warning CA1416: This call site is reachable on all platforms. 'Image.Save(Stream, ImageFormat)' is only supported on: 'windows' 6.1 and later. (https://learn.microsoft.com/dotnet/fundamentals/code-analysis/quality-rules/ca1416) [c:\Users\tsent\source\repos\S2Sys\SmartWorkz.StarterKitMVC\src\SmartWorkz.Core.Shared\SmartWorkz.Core.Shared.csproj]
c:\Users\tsent\source\repos\S2Sys\SmartWorkz.StarterKitMVC\src\SmartWorkz.Core.Shared\File\ImageResizer.cs(11,27): warning CA1416: This call site is reachable on all platforms. 'Bitmap' is only supported on: 'windows' 6.1 and later. (https://learn.microsoft.com/dotnet/fundamentals/code-analysis/quality-rules/ca1416) [c:\Users\tsent\source\repos\S2Sys\SmartWorkz.StarterKitMVC\src\SmartWorkz.Core.Shared\SmartWorkz.Core.Shared.csproj]
c:\Users\tsent\source\repos\S2Sys\SmartWorkz.StarterKitMVC\src\SmartWorkz.Core.Shared\File\ImageResizer.cs(50,45): warning CA1416: This call site is reachable on all platforms. 'Image.Height' is only supported on: 'windows' 6.1 and later. (https://learn.microsoft.com/dotnet/fundamentals/code-analysis/quality-rules/ca1416) [c:\Users\tsent\source\repos\S2Sys\SmartWorkz.StarterKitMVC\src\SmartWorkz.Core.Shared\SmartWorkz.Core.Shared.csproj]
c:\Users\tsent\source\repos\S2Sys\SmartWorkz.StarterKitMVC\src\SmartWorkz.Core.Shared\File\ImageResizer.cs(16,17): warning CA1416: This call site is reachable on all platforms. 'Graphics.PixelOffsetMode' is only supported on: 'windows' 6.1 and later. (https://learn.microsoft.com/dotnet/fundamentals/code-analysis/quality-rules/ca1416) [c:\Users\tsent\source\repos\S2Sys\SmartWorkz.StarterKitMVC\src\SmartWorkz.Core.Shared\SmartWorkz.Core.Shared.csproj]
c:\Users\tsent\source\repos\S2Sys\SmartWorkz.StarterKitMVC\src\SmartWorkz.Core.Shared\File\ImageResizer.cs(49,26): warning CA1416: This call site is reachable on all platforms. 'Bitmap' is only supported on: 'windows' 6.1 and later. (https://learn.microsoft.com/dotnet/fundamentals/code-analysis/quality-rules/ca1416) [c:\Users\tsent\source\repos\S2Sys\SmartWorkz.StarterKitMVC\src\SmartWorkz.Core.Shared\SmartWorkz.Core.Shared.csproj]
c:\Users\tsent\source\repos\S2Sys\SmartWorkz.StarterKitMVC\src\SmartWorkz.Core.Shared\File\ImageResizer.cs(10,26): warning CA1416: This call site is reachable on all platforms. 'Bitmap' is only supported on: 'windows' 6.1 and later. (https://learn.microsoft.com/dotnet/fundamentals/code-analysis/quality-rules/ca1416) [c:\Users\tsent\source\repos\S2Sys\SmartWorkz.StarterKitMVC\src\SmartWorkz.Core.Shared\SmartWorkz.Core.Shared.csproj]
c:\Users\tsent\source\repos\S2Sys\SmartWorkz.StarterKitMVC\src\SmartWorkz.Core.Shared\File\ImageResizer.cs(50,31): warning CA1416: This call site is reachable on all platforms. 'Image.Width' is only supported on: 'windows' 6.1 and later. (https://learn.microsoft.com/dotnet/fundamentals/code-analysis/quality-rules/ca1416) [c:\Users\tsent\source\repos\S2Sys\SmartWorkz.StarterKitMVC\src\SmartWorkz.Core.Shared\SmartWorkz.Core.Shared.csproj]
c:\Users\tsent\source\repos\S2Sys\SmartWorkz.StarterKitMVC\src\SmartWorkz.Core.Shared\File\ImageResizer.cs(15,17): warning CA1416: This call site is reachable on all platforms. 'Graphics.SmoothingMode' is only supported on: 'windows' 6.1 and later. (https://learn.microsoft.com/dotnet/fundamentals/code-analysis/quality-rules/ca1416) [c:\Users\tsent\source\repos\S2Sys\SmartWorkz.StarterKitMVC\src\SmartWorkz.Core.Shared\SmartWorkz.Core.Shared.csproj]
c:\Users\tsent\source\repos\S2Sys\SmartWorkz.StarterKitMVC\src\SmartWorkz.Core.Shared\File\ImageResizer.cs(15,42): warning CA1416: This call site is reachable on all platforms. 'SmoothingMode.HighQuality' is only supported on: 'windows' 6.1 and later. (https://learn.microsoft.com/dotnet/fundamentals/code-analysis/quality-rules/ca1416) [c:\Users\tsent\source\repos\S2Sys\SmartWorkz.StarterKitMVC\src\SmartWorkz.Core.Shared\SmartWorkz.Core.Shared.csproj]
c:\Users\tsent\source\repos\S2Sys\SmartWorkz.StarterKitMVC\src\SmartWorkz.Core.Shared\File\ImageResizer.cs(17,17): warning CA1416: This call site is reachable on all platforms. 'Graphics.DrawImage(Image, int, int, int, int)' is only supported on: 'windows' 6.1 and later. (https://learn.microsoft.com/dotnet/fundamentals/code-analysis/quality-rules/ca1416) [c:\Users\tsent\source\repos\S2Sys\SmartWorkz.StarterKitMVC\src\SmartWorkz.Core.Shared\SmartWorkz.Core.Shared.csproj]
c:\Users\tsent\source\repos\S2Sys\SmartWorkz.StarterKitMVC\src\SmartWorkz.Core.Shared\File\ImageResizer.cs(14,17): warning CA1416: This call site is reachable on all platforms. 'Graphics.InterpolationMode' is only supported on: 'windows' 6.1 and later. (https://learn.microsoft.com/dotnet/fundamentals/code-analysis/quality-rules/ca1416) [c:\Users\tsent\source\repos\S2Sys\SmartWorkz.StarterKitMVC\src\SmartWorkz.Core.Shared\SmartWorkz.Core.Shared.csproj]
c:\Users\tsent\source\repos\S2Sys\SmartWorkz.StarterKitMVC\src\SmartWorkz.Core.Shared\File\ImageResizer.cs(12,34): warning CA1416: This call site is reachable on all platforms. 'Graphics.FromImage(Image)' is only supported on: 'windows' 6.1 and later. (https://learn.microsoft.com/dotnet/fundamentals/code-analysis/quality-rules/ca1416) [c:\Users\tsent\source\repos\S2Sys\SmartWorkz.StarterKitMVC\src\SmartWorkz.Core.Shared\SmartWorkz.Core.Shared.csproj]
c:\Users\tsent\source\repos\S2Sys\SmartWorkz.StarterKitMVC\src\SmartWorkz.Core.Shared\File\ImageResizer.cs(21,13): warning CA1416: This call site is reachable on all platforms. 'Image.Save(Stream, ImageFormat)' is only supported on: 'windows' 6.1 and later. (https://learn.microsoft.com/dotnet/fundamentals/code-analysis/quality-rules/ca1416) [c:\Users\tsent\source\repos\S2Sys\SmartWorkz.StarterKitMVC\src\SmartWorkz.Core.Shared\SmartWorkz.Core.Shared.csproj]
c:\Users\tsent\source\repos\S2Sys\SmartWorkz.StarterKitMVC\src\SmartWorkz.Core.Shared\File\ImageResizer.cs(16,44): warning CA1416: This call site is reachable on all platforms. 'PixelOffsetMode.HighQuality' is only supported on: 'windows' 6.1 and later. (https://learn.microsoft.com/dotnet/fundamentals/code-analysis/quality-rules/ca1416) [c:\Users\tsent\source\repos\S2Sys\SmartWorkz.StarterKitMVC\src\SmartWorkz.Core.Shared\SmartWorkz.Core.Shared.csproj]
c:\Users\tsent\source\repos\S2Sys\SmartWorkz.StarterKitMVC\src\SmartWorkz.Core.Shared\File\ImageResizer.cs(14,46): warning CA1416: This call site is reachable on all platforms. 'InterpolationMode.HighQualityBicubic' is only supported on: 'windows' 6.1 and later. (https://learn.microsoft.com/dotnet/fundamentals/code-analysis/quality-rules/ca1416) [c:\Users\tsent\source\repos\S2Sys\SmartWorkz.StarterKitMVC\src\SmartWorkz.Core.Shared\SmartWorkz.Core.Shared.csproj]
c:\Users\tsent\source\repos\S2Sys\SmartWorkz.StarterKitMVC\src\SmartWorkz.Core.Shared\File\ImageResizer.cs(57,28): warning CA1416: This call site is reachable on all platforms. 'ImageFormat.Jpeg' is only supported on: 'windows' 6.1 and later. (https://learn.microsoft.com/dotnet/fundamentals/code-analysis/quality-rules/ca1416) [c:\Users\tsent\source\repos\S2Sys\SmartWorkz.StarterKitMVC\src\SmartWorkz.Core.Shared\SmartWorkz.Core.Shared.csproj]
c:\Users\tsent\source\repos\S2Sys\SmartWorkz.StarterKitMVC\src\SmartWorkz.Core.Shared\File\ImageResizer.cs(61,19): warning CA1416: This call site is reachable on all platforms. 'ImageFormat.Tiff' is only supported on: 'windows' 6.1 and later. (https://learn.microsoft.com/dotnet/fundamentals/code-analysis/quality-rules/ca1416) [c:\Users\tsent\source\repos\S2Sys\SmartWorkz.StarterKitMVC\src\SmartWorkz.Core.Shared\SmartWorkz.Core.Shared.csproj]
c:\Users\tsent\source\repos\S2Sys\SmartWorkz.StarterKitMVC\src\SmartWorkz.Core.Shared\File\ImageResizer.cs(60,18): warning CA1416: This call site is reachable on all platforms. 'ImageFormat.Gif' is only supported on: 'windows' 6.1 and later. (https://learn.microsoft.com/dotnet/fundamentals/code-analysis/quality-rules/ca1416) [c:\Users\tsent\source\repos\S2Sys\SmartWorkz.StarterKitMVC\src\SmartWorkz.Core.Shared\SmartWorkz.Core.Shared.csproj]
c:\Users\tsent\source\repos\S2Sys\SmartWorkz.StarterKitMVC\src\SmartWorkz.Core.Shared\File\ImageResizer.cs(59,18): warning CA1416: This call site is reachable on all platforms. 'ImageFormat.Bmp' is only supported on: 'windows' 6.1 and later. (https://learn.microsoft.com/dotnet/fundamentals/code-analysis/quality-rules/ca1416) [c:\Users\tsent\source\repos\S2Sys\SmartWorkz.StarterKitMVC\src\SmartWorkz.Core.Shared\SmartWorkz.Core.Shared.csproj]
c:\Users\tsent\source\repos\S2Sys\SmartWorkz.StarterKitMVC\src\SmartWorkz.Core.Shared\File\ImageResizer.cs(58,18): warning CA1416: This call site is reachable on all platforms. 'ImageFormat.Png' is only supported on: 'windows' 6.1 and later. (https://learn.microsoft.com/dotnet/fundamentals/code-analysis/quality-rules/ca1416) [c:\Users\tsent\source\repos\S2Sys\SmartWorkz.StarterKitMVC\src\SmartWorkz.Core.Shared\SmartWorkz.Core.Shared.csproj]
c:\Users\tsent\source\repos\S2Sys\SmartWorkz.StarterKitMVC\src\SmartWorkz.Core.Shared\File\ImageResizer.cs(62,14): warning CA1416: This call site is reachable on all platforms. 'ImageFormat.Jpeg' is only supported on: 'windows' 6.1 and later. (https://learn.microsoft.com/dotnet/fundamentals/code-analysis/quality-rules/ca1416) [c:\Users\tsent\source\repos\S2Sys\SmartWorkz.StarterKitMVC\src\SmartWorkz.Core.Shared\SmartWorkz.Core.Shared.csproj]
  SmartWorkz.Core.Shared -> C:\Users\tsent\source\repos\S2Sys\SmartWorkz.StarterKitMVC\src\SmartWorkz.Core.Shared\bin\Debug\net9.0\SmartWorkz.Core.Shared.dll
c:\Users\tsent\source\repos\S2Sys\SmartWorkz.StarterKitMVC\src\SmartWorkz.Core\Services\ServiceBase.cs(23,22): error CS0122: 'Guard' is inaccessible due to its protection level [c:\Users\tsent\source\repos\S2Sys\SmartWorkz.StarterKitMVC\src\SmartWorkz.Core\SmartWorkz.Core.csproj]
c:\Users\tsent\source\repos\S2Sys\SmartWorkz.StarterKitMVC\src\SmartWorkz.Core\Services\ServiceBase.cs(28,9): error CS0122: 'Guard' is inaccessible due to its protection level [c:\Users\tsent\source\repos\S2Sys\SmartWorkz.StarterKitMVC\src\SmartWorkz.Core\SmartWorkz.Core.csproj]
c:\Users\tsent\source\repos\S2Sys\SmartWorkz.StarterKitMVC\src\SmartWorkz.Core\Services\ServiceBase.cs(32,36): error CS0305: Using the generic type 'Result<T>' requires 1 type arguments [c:\Users\tsent\source\repos\S2Sys\SmartWorkz.StarterKitMVC\src\SmartWorkz.Core\SmartWorkz.Core.csproj]
c:\Users\tsent\source\repos\S2Sys\SmartWorkz.StarterKitMVC\src\SmartWorkz.Core\Services\ServiceBase.cs(34,32): error CS0305: Using the generic type 'Result<T>' requires 1 type arguments [c:\Users\tsent\source\repos\S2Sys\SmartWorkz.StarterKitMVC\src\SmartWorkz.Core\SmartWorkz.Core.csproj]
c:\Users\tsent\source\repos\S2Sys\SmartWorkz.StarterKitMVC\src\SmartWorkz.Core\Services\ServiceBase.cs(41,32): error CS0305: Using the generic type 'Result<T>' requires 1 type arguments [c:\Users\tsent\source\repos\S2Sys\SmartWorkz.StarterKitMVC\src\SmartWorkz.Core\SmartWorkz.Core.csproj]
c:\Users\tsent\source\repos\S2Sys\SmartWorkz.StarterKitMVC\src\SmartWorkz.Core\Services\ServiceBase.cs(51,32): error CS0305: Using the generic type 'Result<T>' requires 1 type arguments [c:\Users\tsent\source\repos\S2Sys\SmartWorkz.StarterKitMVC\src\SmartWorkz.Core\SmartWorkz.Core.csproj]
c:\Users\tsent\source\repos\S2Sys\SmartWorkz.StarterKitMVC\src\SmartWorkz.Core\Services\ServiceBase.cs(56,9): error CS0122: 'Guard' is inaccessible due to its protection level [c:\Users\tsent\source\repos\S2Sys\SmartWorkz.StarterKitMVC\src\SmartWorkz.Core\SmartWorkz.Core.csproj]
c:\Users\tsent\source\repos\S2Sys\SmartWorkz.StarterKitMVC\src\SmartWorkz.Core\Services\ServiceBase.cs(62,36): error CS0305: Using the generic type 'Result<T>' requires 1 type arguments [c:\Users\tsent\source\repos\S2Sys\SmartWorkz.StarterKitMVC\src\SmartWorkz.Core\SmartWorkz.Core.csproj]
c:\Users\tsent\source\repos\S2Sys\SmartWorkz.StarterKitMVC\src\SmartWorkz.Core\Services\ServiceBase.cs(66,32): error CS0305: Using the generic type 'Result<T>' requires 1 type arguments [c:\Users\tsent\source\repos\S2Sys\SmartWorkz.StarterKitMVC\src\SmartWorkz.Core\SmartWorkz.Core.csproj]
c:\Users\tsent\source\repos\S2Sys\SmartWorkz.StarterKitMVC\src\SmartWorkz.Core\Services\ServiceBase.cs(71,9): error CS0122: 'Guard' is inaccessible due to its protection level [c:\Users\tsent\source\repos\S2Sys\SmartWorkz.StarterKitMVC\src\SmartWorkz.Core\SmartWorkz.Core.csproj]
c:\Users\tsent\source\repos\S2Sys\SmartWorkz.StarterKitMVC\src\SmartWorkz.Core\Services\ServiceBase.cs(75,36): error CS0305: Using the generic type 'Result<T>' requires 1 type arguments [c:\Users\tsent\source\repos\S2Sys\SmartWorkz.StarterKitMVC\src\SmartWorkz.Core\SmartWorkz.Core.csproj]
c:\Users\tsent\source\repos\S2Sys\SmartWorkz.StarterKitMVC\src\SmartWorkz.Core\Services\ServiceBase.cs(78,32): error CS0305: Using the generic type 'Result<T>' requires 1 type arguments [c:\Users\tsent\source\repos\S2Sys\SmartWorkz.StarterKitMVC\src\SmartWorkz.Core\SmartWorkz.Core.csproj]

Build FAILED.

c:\Users\tsent\source\repos\S2Sys\SmartWorkz.StarterKitMVC\src\SmartWorkz.Core.Shared\BackgroundJobs\IBackgroundJobService.cs(39,19): warning CS8618: Non-nullable property 'JobId' must contain a non-null value when exiting constructor. Consider adding the 'required' modifier or declaring the property as nullable. [c:\Users\tsent\source\repos\S2Sys\SmartWorkz.StarterKitMVC\src\SmartWorkz.Core.Shared\SmartWorkz.Core.Shared.csproj]
c:\Users\tsent\source\repos\S2Sys\SmartWorkz.StarterKitMVC\src\SmartWorkz.Core.Shared\Data\XmlHelper.cs(295,64): warning CS8604: Possible null reference argument for parameter 'target' in 'void XmlHelper.DeserializeObject(XElement element, object target)'. [c:\Users\tsent\source\repos\S2Sys\SmartWorkz.StarterKitMVC\src\SmartWorkz.Core.Shared\SmartWorkz.Core.Shared.csproj]
c:\Users\tsent\source\repos\S2Sys\SmartWorkz.StarterKitMVC\src\SmartWorkz.Core.Shared\Templates\TemplateEngine.cs(67,44): warning CS8602: Dereference of a possibly null reference. [c:\Users\tsent\source\repos\S2Sys\SmartWorkz.StarterKitMVC\src\SmartWorkz.Core.Shared\SmartWorkz.Core.Shared.csproj]
c:\Users\tsent\source\repos\S2Sys\SmartWorkz.StarterKitMVC\src\SmartWorkz.Core.Shared\Diagnostics\DiagnosticsHelper.cs(284,25): warning CA1416: This call site is reachable on all platforms. 'PerformanceCounter.NextValue()' is only supported on: 'windows'. (https://learn.microsoft.com/dotnet/fundamentals/code-analysis/quality-rules/ca1416) [c:\Users\tsent\source\repos\S2Sys\SmartWorkz.StarterKitMVC\src\SmartWorkz.Core.Shared\SmartWorkz.Core.Shared.csproj]
c:\Users\tsent\source\repos\S2Sys\SmartWorkz.StarterKitMVC\src\SmartWorkz.Core.Shared\Diagnostics\DiagnosticsHelper.cs(278,35): warning CA1416: This call site is reachable on all platforms. 'PerformanceCounter' is only supported on: 'windows'. (https://learn.microsoft.com/dotnet/fundamentals/code-analysis/quality-rules/ca1416) [c:\Users\tsent\source\repos\S2Sys\SmartWorkz.StarterKitMVC\src\SmartWorkz.Core.Shared\SmartWorkz.Core.Shared.csproj]
c:\Users\tsent\source\repos\S2Sys\SmartWorkz.StarterKitMVC\src\SmartWorkz.Core.Shared\Diagnostics\DiagnosticsHelper.cs(331,34): warning CA1416: This call site is reachable on all platforms. 'PerformanceCounter.NextValue()' is only supported on: 'windows'. (https://learn.microsoft.com/dotnet/fundamentals/code-analysis/quality-rules/ca1416) [c:\Users\tsent\source\repos\S2Sys\SmartWorkz.StarterKitMVC\src\SmartWorkz.Core.Shared\SmartWorkz.Core.Shared.csproj]
c:\Users\tsent\source\repos\S2Sys\SmartWorkz.StarterKitMVC\src\SmartWorkz.Core.Shared\File\ImageResizer.cs(35,26): warning CA1416: This call site is reachable on all platforms. 'Bitmap' is only supported on: 'windows' 6.1 and later. (https://learn.microsoft.com/dotnet/fundamentals/code-analysis/quality-rules/ca1416) [c:\Users\tsent\source\repos\S2Sys\SmartWorkz.StarterKitMVC\src\SmartWorkz.Core.Shared\SmartWorkz.Core.Shared.csproj]
c:\Users\tsent\source\repos\S2Sys\SmartWorkz.StarterKitMVC\src\SmartWorkz.Core.Shared\File\ImageResizer.cs(38,13): warning CA1416: This call site is reachable on all platforms. 'Image.Save(Stream, ImageFormat)' is only supported on: 'windows' 6.1 and later. (https://learn.microsoft.com/dotnet/fundamentals/code-analysis/quality-rules/ca1416) [c:\Users\tsent\source\repos\S2Sys\SmartWorkz.StarterKitMVC\src\SmartWorkz.Core.Shared\SmartWorkz.Core.Shared.csproj]
c:\Users\tsent\source\repos\S2Sys\SmartWorkz.StarterKitMVC\src\SmartWorkz.Core.Shared\File\ImageResizer.cs(11,27): warning CA1416: This call site is reachable on all platforms. 'Bitmap' is only supported on: 'windows' 6.1 and later. (https://learn.microsoft.com/dotnet/fundamentals/code-analysis/quality-rules/ca1416) [c:\Users\tsent\source\repos\S2Sys\SmartWorkz.StarterKitMVC\src\SmartWorkz.Core.Shared\SmartWorkz.Core.Shared.csproj]
c:\Users\tsent\source\repos\S2Sys\SmartWorkz.StarterKitMVC\src\SmartWorkz.Core.Shared\File\ImageResizer.cs(50,45): warning CA1416: This call site is reachable on all platforms. 'Image.Height' is only supported on: 'windows' 6.1 and later. (https://learn.microsoft.com/dotnet/fundamentals/code-analysis/quality-rules/ca1416) [c:\Users\tsent\source\repos\S2Sys\SmartWorkz.StarterKitMVC\src\SmartWorkz.Core.Shared\SmartWorkz.Core.Shared.csproj]
c:\Users\tsent\source\repos\S2Sys\SmartWorkz.StarterKitMVC\src\SmartWorkz.Core.Shared\File\ImageResizer.cs(16,17): warning CA1416: This call site is reachable on all platforms. 'Graphics.PixelOffsetMode' is only supported on: 'windows' 6.1 and later. (https://learn.microsoft.com/dotnet/fundamentals/code-analysis/quality-rules/ca1416) [c:\Users\tsent\source\repos\S2Sys\SmartWorkz.StarterKitMVC\src\SmartWorkz.Core.Shared\SmartWorkz.Core.Shared.csproj]
c:\Users\tsent\source\repos\S2Sys\SmartWorkz.StarterKitMVC\src\SmartWorkz.Core.Shared\File\ImageResizer.cs(49,26): warning CA1416: This call site is reachable on all platforms. 'Bitmap' is only supported on: 'windows' 6.1 and later. (https://learn.microsoft.com/dotnet/fundamentals/code-analysis/quality-rules/ca1416) [c:\Users\tsent\source\repos\S2Sys\SmartWorkz.StarterKitMVC\src\SmartWorkz.Core.Shared\SmartWorkz.Core.Shared.csproj]
c:\Users\tsent\source\repos\S2Sys\SmartWorkz.StarterKitMVC\src\SmartWorkz.Core.Shared\File\ImageResizer.cs(10,26): warning CA1416: This call site is reachable on all platforms. 'Bitmap' is only supported on: 'windows' 6.1 and later. (https://learn.microsoft.com/dotnet/fundamentals/code-analysis/quality-rules/ca1416) [c:\Users\tsent\source\repos\S2Sys\SmartWorkz.StarterKitMVC\src\SmartWorkz.Core.Shared\SmartWorkz.Core.Shared.csproj]
c:\Users\tsent\source\repos\S2Sys\SmartWorkz.StarterKitMVC\src\SmartWorkz.Core.Shared\File\ImageResizer.cs(50,31): warning CA1416: This call site is reachable on all platforms. 'Image.Width' is only supported on: 'windows' 6.1 and later. (https://learn.microsoft.com/dotnet/fundamentals/code-analysis/quality-rules/ca1416) [c:\Users\tsent\source\repos\S2Sys\SmartWorkz.StarterKitMVC\src\SmartWorkz.Core.Shared\SmartWorkz.Core.Shared.csproj]
c:\Users\tsent\source\repos\S2Sys\SmartWorkz.StarterKitMVC\src\SmartWorkz.Core.Shared\File\ImageResizer.cs(15,17): warning CA1416: This call site is reachable on all platforms. 'Graphics.SmoothingMode' is only supported on: 'windows' 6.1 and later. (https://learn.microsoft.com/dotnet/fundamentals/code-analysis/quality-rules/ca1416) [c:\Users\tsent\source\repos\S2Sys\SmartWorkz.StarterKitMVC\src\SmartWorkz.Core.Shared\SmartWorkz.Core.Shared.csproj]
c:\Users\tsent\source\repos\S2Sys\SmartWorkz.StarterKitMVC\src\SmartWorkz.Core.Shared\File\ImageResizer.cs(15,42): warning CA1416: This call site is reachable on all platforms. 'SmoothingMode.HighQuality' is only supported on: 'windows' 6.1 and later. (https://learn.microsoft.com/dotnet/fundamentals/code-analysis/quality-rules/ca1416) [c:\Users\tsent\source\repos\S2Sys\SmartWorkz.StarterKitMVC\src\SmartWorkz.Core.Shared\SmartWorkz.Core.Shared.csproj]
c:\Users\tsent\source\repos\S2Sys\SmartWorkz.StarterKitMVC\src\SmartWorkz.Core.Shared\File\ImageResizer.cs(17,17): warning CA1416: This call site is reachable on all platforms. 'Graphics.DrawImage(Image, int, int, int, int)' is only supported on: 'windows' 6.1 and later. (https://learn.microsoft.com/dotnet/fundamentals/code-analysis/quality-rules/ca1416) [c:\Users\tsent\source\repos\S2Sys\SmartWorkz.StarterKitMVC\src\SmartWorkz.Core.Shared\SmartWorkz.Core.Shared.csproj]
c:\Users\tsent\source\repos\S2Sys\SmartWorkz.StarterKitMVC\src\SmartWorkz.Core.Shared\File\ImageResizer.cs(14,17): warning CA1416: This call site is reachable on all platforms. 'Graphics.InterpolationMode' is only supported on: 'windows' 6.1 and later. (https://learn.microsoft.com/dotnet/fundamentals/code-analysis/quality-rules/ca1416) [c:\Users\tsent\source\repos\S2Sys\SmartWorkz.StarterKitMVC\src\SmartWorkz.Core.Shared\SmartWorkz.Core.Shared.csproj]
c:\Users\tsent\source\repos\S2Sys\SmartWorkz.StarterKitMVC\src\SmartWorkz.Core.Shared\File\ImageResizer.cs(12,34): warning CA1416: This call site is reachable on all platforms. 'Graphics.FromImage(Image)' is only supported on: 'windows' 6.1 and later. (https://learn.microsoft.com/dotnet/fundamentals/code-analysis/quality-rules/ca1416) [c:\Users\tsent\source\repos\S2Sys\SmartWorkz.StarterKitMVC\src\SmartWorkz.Core.Shared\SmartWorkz.Core.Shared.csproj]
c:\Users\tsent\source\repos\S2Sys\SmartWorkz.StarterKitMVC\src\SmartWorkz.Core.Shared\File\ImageResizer.cs(21,13): warning CA1416: This call site is reachable on all platforms. 'Image.Save(Stream, ImageFormat)' is only supported on: 'windows' 6.1 and later. (https://learn.microsoft.com/dotnet/fundamentals/code-analysis/quality-rules/ca1416) [c:\Users\tsent\source\repos\S2Sys\SmartWorkz.StarterKitMVC\src\SmartWorkz.Core.Shared\SmartWorkz.Core.Shared.csproj]
c:\Users\tsent\source\repos\S2Sys\SmartWorkz.StarterKitMVC\src\SmartWorkz.Core.Shared\File\ImageResizer.cs(16,44): warning CA1416: This call site is reachable on all platforms. 'PixelOffsetMode.HighQuality' is only supported on: 'windows' 6.1 and later. (https://learn.microsoft.com/dotnet/fundamentals/code-analysis/quality-rules/ca1416) [c:\Users\tsent\source\repos\S2Sys\SmartWorkz.StarterKitMVC\src\SmartWorkz.Core.Shared\SmartWorkz.Core.Shared.csproj]
c:\Users\tsent\source\repos\S2Sys\SmartWorkz.StarterKitMVC\src\SmartWorkz.Core.Shared\File\ImageResizer.cs(14,46): warning CA1416: This call site is reachable on all platforms. 'InterpolationMode.HighQualityBicubic' is only supported on: 'windows' 6.1 and later. (https://learn.microsoft.com/dotnet/fundamentals/code-analysis/quality-rules/ca1416) [c:\Users\tsent\source\repos\S2Sys\SmartWorkz.StarterKitMVC\src\SmartWorkz.Core.Shared\SmartWorkz.Core.Shared.csproj]
c:\Users\tsent\source\repos\S2Sys\SmartWorkz.StarterKitMVC\src\SmartWorkz.Core.Shared\File\ImageResizer.cs(57,28): warning CA1416: This call site is reachable on all platforms. 'ImageFormat.Jpeg' is only supported on: 'windows' 6.1 and later. (https://learn.microsoft.com/dotnet/fundamentals/code-analysis/quality-rules/ca1416) [c:\Users\tsent\source\repos\S2Sys\SmartWorkz.StarterKitMVC\src\SmartWorkz.Core.Shared\SmartWorkz.Core.Shared.csproj]
c:\Users\tsent\source\repos\S2Sys\SmartWorkz.StarterKitMVC\src\SmartWorkz.Core.Shared\File\ImageResizer.cs(61,19): warning CA1416: This call site is reachable on all platforms. 'ImageFormat.Tiff' is only supported on: 'windows' 6.1 and later. (https://learn.microsoft.com/dotnet/fundamentals/code-analysis/quality-rules/ca1416) [c:\Users\tsent\source\repos\S2Sys\SmartWorkz.StarterKitMVC\src\SmartWorkz.Core.Shared\SmartWorkz.Core.Shared.csproj]
c:\Users\tsent\source\repos\S2Sys\SmartWorkz.StarterKitMVC\src\SmartWorkz.Core.Shared\File\ImageResizer.cs(60,18): warning CA1416: This call site is reachable on all platforms. 'ImageFormat.Gif' is only supported on: 'windows' 6.1 and later. (https://learn.microsoft.com/dotnet/fundamentals/code-analysis/quality-rules/ca1416) [c:\Users\tsent\source\repos\S2Sys\SmartWorkz.StarterKitMVC\src\SmartWorkz.Core.Shared\SmartWorkz.Core.Shared.csproj]
c:\Users\tsent\source\repos\S2Sys\SmartWorkz.StarterKitMVC\src\SmartWorkz.Core.Shared\File\ImageResizer.cs(59,18): warning CA1416: This call site is reachable on all platforms. 'ImageFormat.Bmp' is only supported on: 'windows' 6.1 and later. (https://learn.microsoft.com/dotnet/fundamentals/code-analysis/quality-rules/ca1416) [c:\Users\tsent\source\repos\S2Sys\SmartWorkz.StarterKitMVC\src\SmartWorkz.Core.Shared\SmartWorkz.Core.Shared.csproj]
c:\Users\tsent\source\repos\S2Sys\SmartWorkz.StarterKitMVC\src\SmartWorkz.Core.Shared\File\ImageResizer.cs(58,18): warning CA1416: This call site is reachable on all platforms. 'ImageFormat.Png' is only supported on: 'windows' 6.1 and later. (https://learn.microsoft.com/dotnet/fundamentals/code-analysis/quality-rules/ca1416) [c:\Users\tsent\source\repos\S2Sys\SmartWorkz.StarterKitMVC\src\SmartWorkz.Core.Shared\SmartWorkz.Core.Shared.csproj]
c:\Users\tsent\source\repos\S2Sys\SmartWorkz.StarterKitMVC\src\SmartWorkz.Core.Shared\File\ImageResizer.cs(62,14): warning CA1416: This call site is reachable on all platforms. 'ImageFormat.Jpeg' is only supported on: 'windows' 6.1 and later. (https://learn.microsoft.com/dotnet/fundamentals/code-analysis/quality-rules/ca1416) [c:\Users\tsent\source\repos\S2Sys\SmartWorkz.StarterKitMVC\src\SmartWorkz.Core.Shared\SmartWorkz.Core.Shared.csproj]
c:\Users\tsent\source\repos\S2Sys\SmartWorkz.StarterKitMVC\src\SmartWorkz.Core\Services\ServiceBase.cs(23,22): error CS0122: 'Guard' is inaccessible due to its protection level [c:\Users\tsent\source\repos\S2Sys\SmartWorkz.StarterKitMVC\src\SmartWorkz.Core\SmartWorkz.Core.csproj]
c:\Users\tsent\source\repos\S2Sys\SmartWorkz.StarterKitMVC\src\SmartWorkz.Core\Services\ServiceBase.cs(28,9): error CS0122: 'Guard' is inaccessible due to its protection level [c:\Users\tsent\source\repos\S2Sys\SmartWorkz.StarterKitMVC\src\SmartWorkz.Core\SmartWorkz.Core.csproj]
c:\Users\tsent\source\repos\S2Sys\SmartWorkz.StarterKitMVC\src\SmartWorkz.Core\Services\ServiceBase.cs(32,36): error CS0305: Using the generic type 'Result<T>' requires 1 type arguments [c:\Users\tsent\source\repos\S2Sys\SmartWorkz.StarterKitMVC\src\SmartWorkz.Core\SmartWorkz.Core.csproj]
c:\Users\tsent\source\repos\S2Sys\SmartWorkz.StarterKitMVC\src\SmartWorkz.Core\Services\ServiceBase.cs(34,32): error CS0305: Using the generic type 'Result<T>' requires 1 type arguments [c:\Users\tsent\source\repos\S2Sys\SmartWorkz.StarterKitMVC\src\SmartWorkz.Core\SmartWorkz.Core.csproj]
c:\Users\tsent\source\repos\S2Sys\SmartWorkz.StarterKitMVC\src\SmartWorkz.Core\Services\ServiceBase.cs(41,32): error CS0305: Using the generic type 'Result<T>' requires 1 type arguments [c:\Users\tsent\source\repos\S2Sys\SmartWorkz.StarterKitMVC\src\SmartWorkz.Core\SmartWorkz.Core.csproj]
c:\Users\tsent\source\repos\S2Sys\SmartWorkz.StarterKitMVC\src\SmartWorkz.Core\Services\ServiceBase.cs(51,32): error CS0305: Using the generic type 'Result<T>' requires 1 type arguments [c:\Users\tsent\source\repos\S2Sys\SmartWorkz.StarterKitMVC\src\SmartWorkz.Core\SmartWorkz.Core.csproj]
c:\Users\tsent\source\repos\S2Sys\SmartWorkz.StarterKitMVC\src\SmartWorkz.Core\Services\ServiceBase.cs(56,9): error CS0122: 'Guard' is inaccessible due to its protection level [c:\Users\tsent\source\repos\S2Sys\SmartWorkz.StarterKitMVC\src\SmartWorkz.Core\SmartWorkz.Core.csproj]
c:\Users\tsent\source\repos\S2Sys\SmartWorkz.StarterKitMVC\src\SmartWorkz.Core\Services\ServiceBase.cs(62,36): error CS0305: Using the generic type 'Result<T>' requires 1 type arguments [c:\Users\tsent\source\repos\S2Sys\SmartWorkz.StarterKitMVC\src\SmartWorkz.Core\SmartWorkz.Core.csproj]
c:\Users\tsent\source\repos\S2Sys\SmartWorkz.StarterKitMVC\src\SmartWorkz.Core\Services\ServiceBase.cs(66,32): error CS0305: Using the generic type 'Result<T>' requires 1 type arguments [c:\Users\tsent\source\repos\S2Sys\SmartWorkz.StarterKitMVC\src\SmartWorkz.Core\SmartWorkz.Core.csproj]
c:\Users\tsent\source\repos\S2Sys\SmartWorkz.StarterKitMVC\src\SmartWorkz.Core\Services\ServiceBase.cs(71,9): error CS0122: 'Guard' is inaccessible due to its protection level [c:\Users\tsent\source\repos\S2Sys\SmartWorkz.StarterKitMVC\src\SmartWorkz.Core\SmartWorkz.Core.csproj]
c:\Users\tsent\source\repos\S2Sys\SmartWorkz.StarterKitMVC\src\SmartWorkz.Core\Services\ServiceBase.cs(75,36): error CS0305: Using the generic type 'Result<T>' requires 1 type arguments [c:\Users\tsent\source\repos\S2Sys\SmartWorkz.StarterKitMVC\src\SmartWorkz.Core\SmartWorkz.Core.csproj]
c:\Users\tsent\source\repos\S2Sys\SmartWorkz.StarterKitMVC\src\SmartWorkz.Core\Services\ServiceBase.cs(78,32): error CS0305: Using the generic type 'Result<T>' requires 1 type arguments [c:\Users\tsent\source\repos\S2Sys\SmartWorkz.StarterKitMVC\src\SmartWorkz.Core\SmartWorkz.Core.csproj]
    28 Warning(s)
    12 Error(s)

Time Elapsed 00:00:02.47
